// Jest Snapshot v1, https://goo.gl/fbAQLP

exports[`Board should render as expected 1`] = `
<div>
  <div
    className="sc-ifAKCX jfnzeZ"
  >
    <span>
      oct
    </span>
    <span>
      nov
    </span>
    <span>
      dec
    </span>
    <span>
      jan
    </span>
    <span>
      feb
    </span>
    <span>
      mar
    </span>
    <span>
      apr
    </span>
    <span>
      may
    </span>
    <span>
      jun
    </span>
    <span>
      jul
    </span>
    <span>
      ago
    </span>
    <span>
      sep
    </span>
  </div>
  <div
    className="sc-bdVaJa cUhSDs"
  >
    <div
      className="sc-EHOje kHgWxK"
    >
      <span>
        mon
      </span>
      <span>
        wed
      </span>
      <span>
        fri
      </span>
    </div>
    <ul
      className="sc-bwzfXH ejORAf"
    >
      <li
        className="sc-htpNat jKinon"
        color="#ebedf0"
        title="0 contributions on Sep 25, 2016"
      />
      <li
        className="sc-htpNat jKinon"
        color="#ebedf0"
        title="0 contributions on Sep 26, 2016"
      />
      <li
        className="sc-htpNat jKinon"
        color="#ebedf0"
        title="0 contributions on Sep 27, 2016"
      />
      <li
        className="sc-htpNat jKinon"
        color="#ebedf0"
        title="0 contributions on Sep 28, 2016"
      />
      <li
        className="sc-htpNat jKinon"
        color="#ebedf0"
        title="0 contributions on Sep 29, 2016"
      />
      <li
        className="sc-htpNat jKinon"
        color="#ebedf0"
        title="0 contributions on Sep 30, 2016"
      />
      <li
        className="sc-htpNat jKinon"
        color="#ebedf0"
        title="0 contributions on Oct 01, 2016"
      />
    </ul>
    <ul
      className="sc-bwzfXH ejORAf"
    >
      <li
        className="sc-htpNat jKinon"
        color="#ebedf0"
        title="0 contributions on Oct 02, 2016"
      />
      <li
        className="sc-htpNat jKinon"
        color="#ebedf0"
        title="0 contributions on Oct 03, 2016"
      />
      <li
        className="sc-htpNat jKinon"
        color="#ebedf0"
        title="0 contributions on Oct 04, 2016"
      />
      <li
        className="sc-htpNat jKinon"
        color="#ebedf0"
        title="0 contributions on Oct 05, 2016"
      />
      <li
        className="sc-htpNat jKinon"
        color="#ebedf0"
        title="0 contributions on Oct 06, 2016"
      />
      <li
        className="sc-htpNat jKinon"
        color="#ebedf0"
        title="0 contributions on Oct 07, 2016"
      />
      <li
        className="sc-htpNat jKinon"
        color="#ebedf0"
        title="0 contributions on Oct 08, 2016"
      />
    </ul>
    <ul
      className="sc-bwzfXH ejORAf"
    >
      <li
        className="sc-htpNat jKinon"
        color="#ebedf0"
        title="0 contributions on Oct 09, 2016"
      />
      <li
        className="sc-htpNat jKinon"
        color="#ebedf0"
        title="0 contributions on Oct 10, 2016"
      />
      <li
        className="sc-htpNat jKinon"
        color="#ebedf0"
        title="0 contributions on Oct 11, 2016"
      />
      <li
        className="sc-htpNat gvAAYV"
        color="#7bc96f"
        title="14 contributions on Oct 12, 2016"
      />
      <li
        className="sc-htpNat hpdWEq"
        color="#196127"
        title="44 contributions on Oct 13, 2016"
      />
      <li
        className="sc-htpNat hpdWEq"
        color="#196127"
        title="50 contributions on Oct 14, 2016"
      />
      <li
        className="sc-htpNat hpdWEq"
        color="#196127"
        title="48 contributions on Oct 15, 2016"
      />
    </ul>
    <ul
      className="sc-bwzfXH ejORAf"
    >
      <li
        className="sc-htpNat ihhnul"
        color="#239a3b"
        title="34 contributions on Oct 15, 2016"
      />
      <li
        className="sc-htpNat bwXIMQ"
        color="#c6e48b"
        title="9 contributions on Oct 17, 2016"
      />
      <li
        className="sc-htpNat gvAAYV"
        color="#7bc96f"
        title="21 contributions on Oct 18, 2016"
      />
      <li
        className="sc-htpNat jKinon"
        color="#ebedf0"
        title="0 contributions on Oct 19, 2016"
      />
      <li
        className="sc-htpNat bwXIMQ"
        color="#c6e48b"
        title="12 contributions on Oct 20, 2016"
      />
      <li
        className="sc-htpNat gvAAYV"
        color="#7bc96f"
        title="19 contributions on Oct 21, 2016"
      />
      <li
        className="sc-htpNat jKinon"
        color="#ebedf0"
        title="0 contributions on Oct 22, 2016"
      />
    </ul>
    <ul
      className="sc-bwzfXH ejORAf"
    >
      <li
        className="sc-htpNat hpdWEq"
        color="#196127"
        title="49 contributions on Oct 23, 2016"
      />
      <li
        className="sc-htpNat jKinon"
        color="#ebedf0"
        title="0 contributions on Oct 24, 2016"
      />
      <li
        className="sc-htpNat hpdWEq"
        color="#196127"
        title="50 contributions on Oct 25, 2016"
      />
      <li
        className="sc-htpNat jKinon"
        color="#ebedf0"
        title="0 contributions on Oct 26, 2016"
      />
      <li
        className="sc-htpNat jKinon"
        color="#ebedf0"
        title="0 contributions on Oct 27, 2016"
      />
      <li
        className="sc-htpNat jKinon"
        color="#ebedf0"
        title="0 contributions on Oct 28, 2016"
      />
      <li
        className="sc-htpNat jKinon"
        color="#ebedf0"
        title="0 contributions on Oct 29, 2016"
      />
    </ul>
    <ul
      className="sc-bwzfXH ejORAf"
    >
      <li
        className="sc-htpNat ihhnul"
        color="#239a3b"
        title="35 contributions on Oct 30, 2016"
      />
      <li
        className="sc-htpNat hpdWEq"
        color="#196127"
        title="50 contributions on Oct 31, 2016"
      />
      <li
        className="sc-htpNat bwXIMQ"
        color="#c6e48b"
        title="7 contributions on Nov 01, 2016"
      />
      <li
        className="sc-htpNat gvAAYV"
        color="#7bc96f"
        title="24 contributions on Nov 02, 2016"
      />
      <li
        className="sc-htpNat hpdWEq"
        color="#196127"
        title="41 contributions on Nov 03, 2016"
      />
      <li
        className="sc-htpNat ihhnul"
        color="#239a3b"
        title="31 contributions on Nov 04, 2016"
      />
      <li
        className="sc-htpNat jKinon"
        color="#ebedf0"
        title="0 contributions on Nov 05, 2016"
      />
    </ul>
    <ul
      className="sc-bwzfXH ejORAf"
    >
      <li
        className="sc-htpNat gvAAYV"
        color="#7bc96f"
        title="17 contributions on Nov 06, 2016"
      />
      <li
        className="sc-htpNat ihhnul"
        color="#239a3b"
        title="31 contributions on Nov 07, 2016"
      />
      <li
        className="sc-htpNat bwXIMQ"
        color="#c6e48b"
        title="2 contributions on Nov 08, 2016"
      />
      <li
        className="sc-htpNat gvAAYV"
        color="#7bc96f"
        title="14 contributions on Nov 09, 2016"
      />
      <li
        className="sc-htpNat jKinon"
        color="#ebedf0"
        title="0 contributions on Nov 10, 2016"
      />
      <li
        className="sc-htpNat gvAAYV"
        color="#7bc96f"
        title="24 contributions on Nov 11, 2016"
      />
      <li
        className="sc-htpNat ihhnul"
        color="#239a3b"
        title="28 contributions on Nov 12, 2016"
      />
    </ul>
    <ul
      className="sc-bwzfXH ejORAf"
    >
      <li
        className="sc-htpNat bwXIMQ"
        color="#c6e48b"
        title="8 contributions on Nov 13, 2016"
      />
      <li
        className="sc-htpNat jKinon"
        color="#ebedf0"
        title="0 contributions on Nov 14, 2016"
      />
      <li
        className="sc-htpNat ihhnul"
        color="#239a3b"
        title="32 contributions on Nov 15, 2016"
      />
      <li
        className="sc-htpNat gvAAYV"
        color="#7bc96f"
        title="24 contributions on Nov 16, 2016"
      />
      <li
        className="sc-htpNat jKinon"
        color="#ebedf0"
        title="0 contributions on Nov 17, 2016"
      />
      <li
        className="sc-htpNat gvAAYV"
        color="#7bc96f"
        title="17 contributions on Nov 18, 2016"
      />
      <li
        className="sc-htpNat hpdWEq"
        color="#196127"
        title="40 contributions on Nov 19, 2016"
      />
    </ul>
    <ul
      className="sc-bwzfXH ejORAf"
    >
      <li
        className="sc-htpNat gvAAYV"
        color="#7bc96f"
        title="19 contributions on Nov 20, 2016"
      />
      <li
        className="sc-htpNat jKinon"
        color="#ebedf0"
        title="0 contributions on Nov 21, 2016"
      />
      <li
        className="sc-htpNat jKinon"
        color="#ebedf0"
        title="0 contributions on Nov 22, 2016"
      />
      <li
        className="sc-htpNat bwXIMQ"
        color="#c6e48b"
        title="11 contributions on Nov 23, 2016"
      />
      <li
        className="sc-htpNat ihhnul"
        color="#239a3b"
        title="27 contributions on Nov 24, 2016"
      />
      <li
        className="sc-htpNat jKinon"
        color="#ebedf0"
        title="0 contributions on Nov 25, 2016"
      />
      <li
        className="sc-htpNat bwXIMQ"
        color="#c6e48b"
        title="2 contributions on Nov 26, 2016"
      />
    </ul>
    <ul
      className="sc-bwzfXH ejORAf"
    >
      <li
        className="sc-htpNat jKinon"
        color="#ebedf0"
        title="0 contributions on Nov 27, 2016"
      />
      <li
        className="sc-htpNat gvAAYV"
        color="#7bc96f"
        title="17 contributions on Nov 28, 2016"
      />
      <li
        className="sc-htpNat jKinon"
        color="#ebedf0"
        title="0 contributions on Nov 29, 2016"
      />
      <li
        className="sc-htpNat jKinon"
        color="#ebedf0"
        title="0 contributions on Nov 30, 2016"
      />
      <li
        className="sc-htpNat jKinon"
        color="#ebedf0"
        title="0 contributions on Dec 01, 2016"
      />
      <li
        className="sc-htpNat bwXIMQ"
        color="#c6e48b"
        title="8 contributions on Dec 02, 2016"
      />
      <li
        className="sc-htpNat jKinon"
        color="#ebedf0"
        title="0 contributions on Dec 03, 2016"
      />
    </ul>
    <ul
      className="sc-bwzfXH ejORAf"
    >
      <li
        className="sc-htpNat ihhnul"
        color="#239a3b"
        title="26 contributions on Dec 04, 2016"
      />
      <li
        className="sc-htpNat gvAAYV"
        color="#7bc96f"
        title="16 contributions on Dec 05, 2016"
      />
      <li
        className="sc-htpNat jKinon"
        color="#ebedf0"
        title="0 contributions on Dec 06, 2016"
      />
      <li
        className="sc-htpNat hpdWEq"
        color="#196127"
        title="44 contributions on Dec 07, 2016"
      />
      <li
        className="sc-htpNat hpdWEq"
        color="#196127"
        title="42 contributions on Dec 08, 2016"
      />
      <li
        className="sc-htpNat hpdWEq"
        color="#196127"
        title="39 contributions on Dec 09, 2016"
      />
      <li
        className="sc-htpNat ihhnul"
        color="#239a3b"
        title="36 contributions on Dec 10, 2016"
      />
    </ul>
    <ul
      className="sc-bwzfXH ejORAf"
    >
      <li
        className="sc-htpNat bwXIMQ"
        color="#c6e48b"
        title="9 contributions on Dec 11, 2016"
      />
      <li
        className="sc-htpNat bwXIMQ"
        color="#c6e48b"
        title="3 contributions on Dec 12, 2016"
      />
      <li
        className="sc-htpNat hpdWEq"
        color="#196127"
        title="39 contributions on Dec 13, 2016"
      />
      <li
        className="sc-htpNat bwXIMQ"
        color="#c6e48b"
        title="4 contributions on Dec 14, 2016"
      />
      <li
        className="sc-htpNat gvAAYV"
        color="#7bc96f"
        title="17 contributions on Dec 15, 2016"
      />
      <li
        className="sc-htpNat jKinon"
        color="#ebedf0"
        title="0 contributions on Dec 16, 2016"
      />
      <li
        className="sc-htpNat ihhnul"
        color="#239a3b"
        title="32 contributions on Dec 17, 2016"
      />
    </ul>
    <ul
      className="sc-bwzfXH ejORAf"
    >
      <li
        className="sc-htpNat hpdWEq"
        color="#196127"
        title="39 contributions on Dec 18, 2016"
      />
      <li
        className="sc-htpNat hpdWEq"
        color="#196127"
        title="46 contributions on Dec 19, 2016"
      />
      <li
        className="sc-htpNat bwXIMQ"
        color="#c6e48b"
        title="2 contributions on Dec 20, 2016"
      />
      <li
        className="sc-htpNat bwXIMQ"
        color="#c6e48b"
        title="12 contributions on Dec 21, 2016"
      />
      <li
        className="sc-htpNat bwXIMQ"
        color="#c6e48b"
        title="4 contributions on Dec 22, 2016"
      />
      <li
        className="sc-htpNat bwXIMQ"
        color="#c6e48b"
        title="1 contributions on Dec 23, 2016"
      />
      <li
        className="sc-htpNat bwXIMQ"
        color="#c6e48b"
        title="9 contributions on Dec 24, 2016"
      />
    </ul>
    <ul
      className="sc-bwzfXH ejORAf"
    >
      <li
        className="sc-htpNat hpdWEq"
        color="#196127"
        title="43 contributions on Dec 25, 2016"
      />
      <li
        className="sc-htpNat bwXIMQ"
        color="#c6e48b"
        title="2 contributions on Dec 26, 2016"
      />
      <li
        className="sc-htpNat bwXIMQ"
        color="#c6e48b"
        title="10 contributions on Dec 27, 2016"
      />
      <li
        className="sc-htpNat bwXIMQ"
        color="#c6e48b"
        title="12 contributions on Dec 28, 2016"
      />
      <li
        className="sc-htpNat jKinon"
        color="#ebedf0"
        title="0 contributions on Dec 29, 2016"
      />
      <li
        className="sc-htpNat hpdWEq"
        color="#196127"
        title="45 contributions on Dec 30, 2016"
      />
      <li
        className="sc-htpNat jKinon"
        color="#ebedf0"
        title="0 contributions on Dec 31, 2016"
      />
    </ul>
    <ul
      className="sc-bwzfXH ejORAf"
    >
      <li
        className="sc-htpNat ihhnul"
        color="#239a3b"
        title="31 contributions on Jan 01, 2017"
      />
      <li
        className="sc-htpNat bwXIMQ"
        color="#c6e48b"
        title="5 contributions on Jan 02, 2017"
      />
      <li
        className="sc-htpNat hpdWEq"
        color="#196127"
        title="47 contributions on Jan 03, 2017"
      />
      <li
        className="sc-htpNat jKinon"
        color="#ebedf0"
        title="0 contributions on Jan 04, 2017"
      />
      <li
        className="sc-htpNat bwXIMQ"
        color="#c6e48b"
        title="8 contributions on Jan 05, 2017"
      />
      <li
        className="sc-htpNat jKinon"
        color="#ebedf0"
        title="0 contributions on Jan 06, 2017"
      />
      <li
        className="sc-htpNat bwXIMQ"
        color="#c6e48b"
        title="1 contributions on Jan 07, 2017"
      />
    </ul>
    <ul
      className="sc-bwzfXH ejORAf"
    >
      <li
        className="sc-htpNat jKinon"
        color="#ebedf0"
        title="0 contributions on Jan 08, 2017"
      />
      <li
        className="sc-htpNat ihhnul"
        color="#239a3b"
        title="36 contributions on Jan 09, 2017"
      />
      <li
        className="sc-htpNat ihhnul"
        color="#239a3b"
        title="30 contributions on Jan 10, 2017"
      />
      <li
        className="sc-htpNat jKinon"
        color="#ebedf0"
        title="0 contributions on Jan 11, 2017"
      />
      <li
        className="sc-htpNat ihhnul"
        color="#239a3b"
        title="27 contributions on Jan 12, 2017"
      />
      <li
        className="sc-htpNat ihhnul"
        color="#239a3b"
        title="32 contributions on Jan 13, 2017"
      />
      <li
        className="sc-htpNat jKinon"
        color="#ebedf0"
        title="0 contributions on Jan 14, 2017"
      />
    </ul>
    <ul
      className="sc-bwzfXH ejORAf"
    >
      <li
        className="sc-htpNat jKinon"
        color="#ebedf0"
        title="0 contributions on Jan 15, 2017"
      />
      <li
        className="sc-htpNat hpdWEq"
        color="#196127"
        title="38 contributions on Jan 16, 2017"
      />
      <li
        className="sc-htpNat gvAAYV"
        color="#7bc96f"
        title="20 contributions on Jan 17, 2017"
      />
      <li
        className="sc-htpNat hpdWEq"
        color="#196127"
        title="38 contributions on Jan 18, 2017"
      />
      <li
        className="sc-htpNat jKinon"
        color="#ebedf0"
        title="0 contributions on Jan 19, 2017"
      />
      <li
        className="sc-htpNat bwXIMQ"
        color="#c6e48b"
        title="2 contributions on Jan 20, 2017"
      />
      <li
        className="sc-htpNat bwXIMQ"
        color="#c6e48b"
        title="2 contributions on Jan 21, 2017"
      />
    </ul>
    <ul
      className="sc-bwzfXH ejORAf"
    >
      <li
        className="sc-htpNat gvAAYV"
        color="#7bc96f"
        title="18 contributions on Jan 22, 2017"
      />
      <li
        className="sc-htpNat ihhnul"
        color="#239a3b"
        title="37 contributions on Jan 23, 2017"
      />
      <li
        className="sc-htpNat ihhnul"
        color="#239a3b"
        title="37 contributions on Jan 24, 2017"
      />
      <li
        className="sc-htpNat gvAAYV"
        color="#7bc96f"
        title="15 contributions on Jan 25, 2017"
      />
      <li
        className="sc-htpNat ihhnul"
        color="#239a3b"
        title="30 contributions on Jan 26, 2017"
      />
      <li
        className="sc-htpNat bwXIMQ"
        color="#c6e48b"
        title="10 contributions on Jan 27, 2017"
      />
      <li
        className="sc-htpNat ihhnul"
        color="#239a3b"
        title="37 contributions on Jan 28, 2017"
      />
    </ul>
    <ul
      className="sc-bwzfXH ejORAf"
    >
      <li
        className="sc-htpNat jKinon"
        color="#ebedf0"
        title="0 contributions on Jan 29, 2017"
      />
      <li
        className="sc-htpNat jKinon"
        color="#ebedf0"
        title="0 contributions on Jan 30, 2017"
      />
      <li
        className="sc-htpNat bwXIMQ"
        color="#c6e48b"
        title="9 contributions on Jan 31, 2017"
      />
      <li
        className="sc-htpNat jKinon"
        color="#ebedf0"
        title="0 contributions on Feb 01, 2017"
      />
      <li
        className="sc-htpNat hpdWEq"
        color="#196127"
        title="39 contributions on Feb 02, 2017"
      />
      <li
        className="sc-htpNat jKinon"
        color="#ebedf0"
        title="0 contributions on Feb 03, 2017"
      />
      <li
        className="sc-htpNat gvAAYV"
        color="#7bc96f"
        title="13 contributions on Feb 04, 2017"
      />
    </ul>
    <ul
      className="sc-bwzfXH ejORAf"
    >
      <li
        className="sc-htpNat hpdWEq"
        color="#196127"
        title="39 contributions on Feb 05, 2017"
      />
      <li
        className="sc-htpNat jKinon"
        color="#ebedf0"
        title="0 contributions on Feb 06, 2017"
      />
      <li
        className="sc-htpNat gvAAYV"
        color="#7bc96f"
        title="22 contributions on Feb 07, 2017"
      />
      <li
        className="sc-htpNat ihhnul"
        color="#239a3b"
        title="27 contributions on Feb 08, 2017"
      />
      <li
        className="sc-htpNat jKinon"
        color="#ebedf0"
        title="0 contributions on Feb 09, 2017"
      />
      <li
        className="sc-htpNat ihhnul"
        color="#239a3b"
        title="33 contributions on Feb 10, 2017"
      />
      <li
        className="sc-htpNat jKinon"
        color="#ebedf0"
        title="0 contributions on Feb 11, 2017"
      />
    </ul>
    <ul
      className="sc-bwzfXH ejORAf"
    >
      <li
        className="sc-htpNat bwXIMQ"
        color="#c6e48b"
        title="6 contributions on Feb 12, 2017"
      />
      <li
        className="sc-htpNat bwXIMQ"
        color="#c6e48b"
        title="10 contributions on Feb 13, 2017"
      />
      <li
        className="sc-htpNat hpdWEq"
        color="#196127"
        title="44 contributions on Feb 14, 2017"
      />
      <li
        className="sc-htpNat hpdWEq"
        color="#196127"
        title="47 contributions on Feb 15, 2017"
      />
      <li
        className="sc-htpNat jKinon"
        color="#ebedf0"
        title="0 contributions on Feb 16, 2017"
      />
      <li
        className="sc-htpNat ihhnul"
        color="#239a3b"
        title="27 contributions on Feb 17, 2017"
      />
      <li
        className="sc-htpNat ihhnul"
        color="#239a3b"
        title="28 contributions on Feb 18, 2017"
      />
    </ul>
    <ul
      className="sc-bwzfXH ejORAf"
    >
      <li
        className="sc-htpNat ihhnul"
        color="#239a3b"
        title="26 contributions on Feb 19, 2017"
      />
      <li
        className="sc-htpNat bwXIMQ"
        color="#c6e48b"
        title="12 contributions on Feb 20, 2017"
      />
      <li
        className="sc-htpNat jKinon"
        color="#ebedf0"
        title="0 contributions on Feb 21, 2017"
      />
      <li
        className="sc-htpNat jKinon"
        color="#ebedf0"
        title="0 contributions on Feb 22, 2017"
      />
      <li
        className="sc-htpNat gvAAYV"
        color="#7bc96f"
        title="20 contributions on Feb 23, 2017"
      />
      <li
        className="sc-htpNat hpdWEq"
        color="#196127"
        title="46 contributions on Feb 24, 2017"
      />
      <li
        className="sc-htpNat ihhnul"
        color="#239a3b"
        title="37 contributions on Feb 25, 2017"
      />
    </ul>
    <ul
      className="sc-bwzfXH ejORAf"
    >
      <li
        className="sc-htpNat jKinon"
        color="#ebedf0"
        title="0 contributions on Feb 26, 2017"
      />
      <li
        className="sc-htpNat ihhnul"
        color="#239a3b"
        title="37 contributions on Feb 27, 2017"
      />
      <li
        className="sc-htpNat jKinon"
        color="#ebedf0"
        title="0 contributions on Feb 28, 2017"
      />
      <li
        className="sc-htpNat bwXIMQ"
        color="#c6e48b"
        title="6 contributions on Mar 01, 2017"
      />
      <li
        className="sc-htpNat ihhnul"
        color="#239a3b"
        title="30 contributions on Mar 02, 2017"
      />
      <li
        className="sc-htpNat jKinon"
        color="#ebedf0"
        title="0 contributions on Mar 03, 2017"
      />
      <li
        className="sc-htpNat bwXIMQ"
        color="#c6e48b"
        title="1 contributions on Mar 04, 2017"
      />
    </ul>
    <ul
      className="sc-bwzfXH ejORAf"
    >
      <li
        className="sc-htpNat jKinon"
        color="#ebedf0"
        title="0 contributions on Mar 05, 2017"
      />
      <li
        className="sc-htpNat jKinon"
        color="#ebedf0"
        title="0 contributions on Mar 06, 2017"
      />
      <li
        className="sc-htpNat hpdWEq"
        color="#196127"
        title="49 contributions on Mar 07, 2017"
      />
      <li
        className="sc-htpNat jKinon"
        color="#ebedf0"
        title="0 contributions on Mar 08, 2017"
      />
      <li
        className="sc-htpNat jKinon"
        color="#ebedf0"
        title="0 contributions on Mar 09, 2017"
      />
      <li
        className="sc-htpNat gvAAYV"
        color="#7bc96f"
        title="22 contributions on Mar 10, 2017"
      />
      <li
        className="sc-htpNat gvAAYV"
        color="#7bc96f"
        title="16 contributions on Mar 11, 2017"
      />
    </ul>
    <ul
      className="sc-bwzfXH ejORAf"
    >
      <li
        className="sc-htpNat jKinon"
        color="#ebedf0"
        title="0 contributions on Mar 12, 2017"
      />
      <li
        className="sc-htpNat ihhnul"
        color="#239a3b"
        title="34 contributions on Mar 13, 2017"
      />
      <li
        className="sc-htpNat bwXIMQ"
        color="#c6e48b"
        title="6 contributions on Mar 14, 2017"
      />
      <li
        className="sc-htpNat jKinon"
        color="#ebedf0"
        title="0 contributions on Mar 15, 2017"
      />
      <li
        className="sc-htpNat hpdWEq"
        color="#196127"
        title="46 contributions on Mar 16, 2017"
      />
      <li
        className="sc-htpNat ihhnul"
        color="#239a3b"
        title="28 contributions on Mar 17, 2017"
      />
      <li
        className="sc-htpNat hpdWEq"
        color="#196127"
        title="50 contributions on Mar 18, 2017"
      />
    </ul>
    <ul
      className="sc-bwzfXH ejORAf"
    >
      <li
        className="sc-htpNat bwXIMQ"
        color="#c6e48b"
        title="8 contributions on Mar 19, 2017"
      />
      <li
        className="sc-htpNat bwXIMQ"
        color="#c6e48b"
        title="6 contributions on Mar 20, 2017"
      />
      <li
        className="sc-htpNat ihhnul"
        color="#239a3b"
        title="37 contributions on Mar 21, 2017"
      />
      <li
        className="sc-htpNat jKinon"
        color="#ebedf0"
        title="0 contributions on Mar 22, 2017"
      />
      <li
        className="sc-htpNat jKinon"
        color="#ebedf0"
        title="0 contributions on Mar 23, 2017"
      />
      <li
        className="sc-htpNat bwXIMQ"
        color="#c6e48b"
        title="4 contributions on Mar 24, 2017"
      />
      <li
        className="sc-htpNat hpdWEq"
        color="#196127"
        title="47 contributions on Mar 25, 2017"
      />
    </ul>
    <ul
      className="sc-bwzfXH ejORAf"
    >
      <li
        className="sc-htpNat ihhnul"
        color="#239a3b"
        title="27 contributions on Mar 26, 2017"
      />
      <li
        className="sc-htpNat hpdWEq"
        color="#196127"
        title="48 contributions on Mar 27, 2017"
      />
      <li
        className="sc-htpNat gvAAYV"
        color="#7bc96f"
        title="18 contributions on Mar 28, 2017"
      />
      <li
        className="sc-htpNat ihhnul"
        color="#239a3b"
        title="32 contributions on Mar 29, 2017"
      />
      <li
        className="sc-htpNat jKinon"
        color="#ebedf0"
        title="0 contributions on Mar 30, 2017"
      />
      <li
        className="sc-htpNat ihhnul"
        color="#239a3b"
        title="32 contributions on Mar 31, 2017"
      />
      <li
        className="sc-htpNat hpdWEq"
        color="#196127"
        title="38 contributions on Apr 01, 2017"
      />
    </ul>
    <ul
      className="sc-bwzfXH ejORAf"
    >
      <li
        className="sc-htpNat gvAAYV"
        color="#7bc96f"
        title="22 contributions on Apr 02, 2017"
      />
      <li
        className="sc-htpNat gvAAYV"
        color="#7bc96f"
        title="25 contributions on Apr 03, 2017"
      />
      <li
        className="sc-htpNat jKinon"
        color="#ebedf0"
        title="0 contributions on Apr 04, 2017"
      />
      <li
        className="sc-htpNat gvAAYV"
        color="#7bc96f"
        title="13 contributions on Apr 05, 2017"
      />
      <li
        className="sc-htpNat hpdWEq"
        color="#196127"
        title="50 contributions on Apr 06, 2017"
      />
      <li
        className="sc-htpNat bwXIMQ"
        color="#c6e48b"
        title="2 contributions on Apr 07, 2017"
      />
      <li
        className="sc-htpNat ihhnul"
        color="#239a3b"
        title="32 contributions on Apr 08, 2017"
      />
    </ul>
    <ul
      className="sc-bwzfXH ejORAf"
    >
      <li
        className="sc-htpNat ihhnul"
        color="#239a3b"
        title="33 contributions on Apr 09, 2017"
      />
      <li
        className="sc-htpNat bwXIMQ"
        color="#c6e48b"
        title="12 contributions on Apr 10, 2017"
      />
      <li
        className="sc-htpNat ihhnul"
        color="#239a3b"
        title="30 contributions on Apr 11, 2017"
      />
      <li
        className="sc-htpNat hpdWEq"
        color="#196127"
        title="45 contributions on Apr 12, 2017"
      />
      <li
        className="sc-htpNat bwXIMQ"
        color="#c6e48b"
        title="6 contributions on Apr 13, 2017"
      />
      <li
        className="sc-htpNat jKinon"
        color="#ebedf0"
        title="0 contributions on Apr 14, 2017"
      />
      <li
        className="sc-htpNat ihhnul"
        color="#239a3b"
        title="37 contributions on Apr 15, 2017"
      />
    </ul>
    <ul
      className="sc-bwzfXH ejORAf"
    >
      <li
        className="sc-htpNat hpdWEq"
        color="#196127"
        title="39 contributions on Apr 16, 2017"
      />
      <li
        className="sc-htpNat jKinon"
        color="#ebedf0"
        title="0 contributions on Apr 17, 2017"
      />
      <li
        className="sc-htpNat hpdWEq"
        color="#196127"
        title="46 contributions on Apr 18, 2017"
      />
      <li
        className="sc-htpNat hpdWEq"
        color="#196127"
        title="41 contributions on Apr 19, 2017"
      />
      <li
        className="sc-htpNat ihhnul"
        color="#239a3b"
        title="28 contributions on Apr 20, 2017"
      />
      <li
        className="sc-htpNat jKinon"
        color="#ebedf0"
        title="0 contributions on Apr 21, 2017"
      />
      <li
        className="sc-htpNat hpdWEq"
        color="#196127"
        title="38 contributions on Apr 22, 2017"
      />
    </ul>
    <ul
      className="sc-bwzfXH ejORAf"
    >
      <li
        className="sc-htpNat hpdWEq"
        color="#196127"
        title="43 contributions on Apr 23, 2017"
      />
      <li
        className="sc-htpNat bwXIMQ"
        color="#c6e48b"
        title="1 contributions on Apr 24, 2017"
      />
      <li
        className="sc-htpNat hpdWEq"
        color="#196127"
        title="49 contributions on Apr 25, 2017"
      />
      <li
        className="sc-htpNat gvAAYV"
        color="#7bc96f"
        title="21 contributions on Apr 26, 2017"
      />
      <li
        className="sc-htpNat bwXIMQ"
        color="#c6e48b"
        title="7 contributions on Apr 27, 2017"
      />
      <li
        className="sc-htpNat jKinon"
        color="#ebedf0"
        title="0 contributions on Apr 28, 2017"
      />
      <li
        className="sc-htpNat jKinon"
        color="#ebedf0"
        title="0 contributions on Apr 29, 2017"
      />
    </ul>
    <ul
      className="sc-bwzfXH ejORAf"
    >
      <li
        className="sc-htpNat ihhnul"
        color="#239a3b"
        title="28 contributions on Apr 30, 2017"
      />
      <li
        className="sc-htpNat ihhnul"
        color="#239a3b"
        title="37 contributions on May 01, 2017"
      />
      <li
        className="sc-htpNat ihhnul"
        color="#239a3b"
        title="27 contributions on May 02, 2017"
      />
      <li
        className="sc-htpNat gvAAYV"
        color="#7bc96f"
        title="23 contributions on May 03, 2017"
      />
      <li
        className="sc-htpNat hpdWEq"
        color="#196127"
        title="43 contributions on May 04, 2017"
      />
      <li
        className="sc-htpNat jKinon"
        color="#ebedf0"
        title="0 contributions on May 05, 2017"
      />
      <li
        className="sc-htpNat bwXIMQ"
        color="#c6e48b"
        title="1 contributions on May 06, 2017"
      />
    </ul>
    <ul
      className="sc-bwzfXH ejORAf"
    >
      <li
        className="sc-htpNat bwXIMQ"
        color="#c6e48b"
        title="8 contributions on May 07, 2017"
      />
      <li
        className="sc-htpNat hpdWEq"
        color="#196127"
        title="47 contributions on May 08, 2017"
      />
      <li
        className="sc-htpNat gvAAYV"
        color="#7bc96f"
        title="25 contributions on May 09, 2017"
      />
      <li
        className="sc-htpNat hpdWEq"
        color="#196127"
        title="43 contributions on May 10, 2017"
      />
      <li
        className="sc-htpNat hpdWEq"
        color="#196127"
        title="49 contributions on May 11, 2017"
      />
      <li
        className="sc-htpNat bwXIMQ"
        color="#c6e48b"
        title="3 contributions on May 12, 2017"
      />
      <li
        className="sc-htpNat jKinon"
        color="#ebedf0"
        title="0 contributions on May 13, 2017"
      />
    </ul>
    <ul
      className="sc-bwzfXH ejORAf"
    >
      <li
        className="sc-htpNat hpdWEq"
        color="#196127"
        title="43 contributions on May 14, 2017"
      />
      <li
        className="sc-htpNat gvAAYV"
        color="#7bc96f"
        title="15 contributions on May 15, 2017"
      />
      <li
        className="sc-htpNat hpdWEq"
        color="#196127"
        title="48 contributions on May 16, 2017"
      />
      <li
        className="sc-htpNat jKinon"
        color="#ebedf0"
        title="0 contributions on May 17, 2017"
      />
      <li
        className="sc-htpNat hpdWEq"
        color="#196127"
        title="43 contributions on May 18, 2017"
      />
      <li
        className="sc-htpNat bwXIMQ"
        color="#c6e48b"
        title="9 contributions on May 19, 2017"
      />
      <li
        className="sc-htpNat jKinon"
        color="#ebedf0"
        title="0 contributions on May 20, 2017"
      />
    </ul>
    <ul
      className="sc-bwzfXH ejORAf"
    >
      <li
        className="sc-htpNat ihhnul"
        color="#239a3b"
        title="35 contributions on May 21, 2017"
      />
      <li
        className="sc-htpNat jKinon"
        color="#ebedf0"
        title="0 contributions on May 22, 2017"
      />
      <li
        className="sc-htpNat bwXIMQ"
        color="#c6e48b"
        title="12 contributions on May 23, 2017"
      />
      <li
        className="sc-htpNat ihhnul"
        color="#239a3b"
        title="36 contributions on May 24, 2017"
      />
      <li
        className="sc-htpNat hpdWEq"
        color="#196127"
        title="39 contributions on May 25, 2017"
      />
      <li
        className="sc-htpNat gvAAYV"
        color="#7bc96f"
        title="25 contributions on May 26, 2017"
      />
      <li
        className="sc-htpNat bwXIMQ"
        color="#c6e48b"
        title="1 contributions on May 27, 2017"
      />
    </ul>
    <ul
      className="sc-bwzfXH ejORAf"
    >
      <li
        className="sc-htpNat hpdWEq"
        color="#196127"
        title="42 contributions on May 28, 2017"
      />
      <li
        className="sc-htpNat jKinon"
        color="#ebedf0"
        title="0 contributions on May 29, 2017"
      />
      <li
        className="sc-htpNat gvAAYV"
        color="#7bc96f"
        title="18 contributions on May 30, 2017"
      />
      <li
        className="sc-htpNat hpdWEq"
        color="#196127"
        title="44 contributions on May 31, 2017"
      />
      <li
        className="sc-htpNat hpdWEq"
        color="#196127"
        title="45 contributions on Jun 01, 2017"
      />
      <li
        className="sc-htpNat gvAAYV"
        color="#7bc96f"
        title="19 contributions on Jun 02, 2017"
      />
      <li
        className="sc-htpNat hpdWEq"
        color="#196127"
        title="42 contributions on Jun 03, 2017"
      />
    </ul>
    <ul
      className="sc-bwzfXH ejORAf"
    >
      <li
        className="sc-htpNat hpdWEq"
        color="#196127"
        title="50 contributions on Jun 04, 2017"
      />
      <li
        className="sc-htpNat gvAAYV"
        color="#7bc96f"
        title="13 contributions on Jun 05, 2017"
      />
      <li
        className="sc-htpNat ihhnul"
        color="#239a3b"
        title="32 contributions on Jun 06, 2017"
      />
      <li
        className="sc-htpNat jKinon"
        color="#ebedf0"
        title="0 contributions on Jun 07, 2017"
      />
      <li
        className="sc-htpNat hpdWEq"
        color="#196127"
        title="48 contributions on Jun 08, 2017"
      />
      <li
        className="sc-htpNat jKinon"
        color="#ebedf0"
        title="0 contributions on Jun 09, 2017"
      />
      <li
        className="sc-htpNat jKinon"
        color="#ebedf0"
        title="0 contributions on Jun 10, 2017"
      />
    </ul>
    <ul
      className="sc-bwzfXH ejORAf"
    >
      <li
        className="sc-htpNat jKinon"
        color="#ebedf0"
        title="0 contributions on Jun 11, 2017"
      />
      <li
        className="sc-htpNat jKinon"
        color="#ebedf0"
        title="0 contributions on Jun 12, 2017"
      />
      <li
        className="sc-htpNat jKinon"
        color="#ebedf0"
        title="0 contributions on Jun 13, 2017"
      />
      <li
        className="sc-htpNat jKinon"
        color="#ebedf0"
        title="0 contributions on Jun 14, 2017"
      />
      <li
        className="sc-htpNat jKinon"
        color="#ebedf0"
        title="0 contributions on Jun 15, 2017"
      />
      <li
        className="sc-htpNat jKinon"
        color="#ebedf0"
        title="0 contributions on Jun 16, 2017"
      />
      <li
        className="sc-htpNat jKinon"
        color="#ebedf0"
        title="0 contributions on Jun 17, 2017"
      />
    </ul>
    <ul
      className="sc-bwzfXH ejORAf"
    >
      <li
        className="sc-htpNat jKinon"
        color="#ebedf0"
        title="0 contributions on Jun 18, 2017"
      />
      <li
        className="sc-htpNat jKinon"
        color="#ebedf0"
        title="0 contributions on Jun 19, 2017"
      />
      <li
        className="sc-htpNat jKinon"
        color="#ebedf0"
        title="0 contributions on Jun 20, 2017"
      />
      <li
        className="sc-htpNat jKinon"
        color="#ebedf0"
        title="0 contributions on Jun 21, 2017"
      />
      <li
        className="sc-htpNat jKinon"
        color="#ebedf0"
        title="0 contributions on Jun 22, 2017"
      />
      <li
        className="sc-htpNat jKinon"
        color="#ebedf0"
        title="0 contributions on Jun 23, 2017"
      />
      <li
        className="sc-htpNat jKinon"
        color="#ebedf0"
        title="0 contributions on Jun 24, 2017"
      />
    </ul>
    <ul
      className="sc-bwzfXH ejORAf"
    >
      <li
        className="sc-htpNat jKinon"
        color="#ebedf0"
        title="0 contributions on Jun 25, 2017"
      />
      <li
        className="sc-htpNat jKinon"
        color="#ebedf0"
        title="0 contributions on Jun 26, 2017"
      />
      <li
        className="sc-htpNat jKinon"
        color="#ebedf0"
        title="0 contributions on Jun 27, 2017"
      />
      <li
        className="sc-htpNat jKinon"
        color="#ebedf0"
        title="0 contributions on Jun 28, 2017"
      />
      <li
        className="sc-htpNat jKinon"
        color="#ebedf0"
        title="0 contributions on Jun 29, 2017"
      />
      <li
        className="sc-htpNat jKinon"
        color="#ebedf0"
        title="0 contributions on Jun 30, 2017"
      />
      <li
        className="sc-htpNat jKinon"
        color="#ebedf0"
        title="0 contributions on Jul 01, 2017"
      />
    </ul>
    <ul
      className="sc-bwzfXH ejORAf"
    >
      <li
        className="sc-htpNat jKinon"
        color="#ebedf0"
        title="0 contributions on Jul 02, 2017"
      />
      <li
        className="sc-htpNat jKinon"
        color="#ebedf0"
        title="0 contributions on Jul 03, 2017"
      />
      <li
        className="sc-htpNat jKinon"
        color="#ebedf0"
        title="0 contributions on Jul 04, 2017"
      />
      <li
        className="sc-htpNat jKinon"
        color="#ebedf0"
        title="0 contributions on Jul 05, 2017"
      />
      <li
        className="sc-htpNat jKinon"
        color="#ebedf0"
        title="0 contributions on Jul 06, 2017"
      />
      <li
        className="sc-htpNat jKinon"
        color="#ebedf0"
        title="0 contributions on Jul 07, 2017"
      />
      <li
        className="sc-htpNat jKinon"
        color="#ebedf0"
        title="0 contributions on Jul 08, 2017"
      />
    </ul>
    <ul
      className="sc-bwzfXH ejORAf"
    >
      <li
        className="sc-htpNat jKinon"
        color="#ebedf0"
        title="0 contributions on Jul 09, 2017"
      />
      <li
        className="sc-htpNat jKinon"
        color="#ebedf0"
        title="0 contributions on Jul 10, 2017"
      />
      <li
        className="sc-htpNat jKinon"
        color="#ebedf0"
        title="0 contributions on Jul 11, 2017"
      />
      <li
        className="sc-htpNat jKinon"
        color="#ebedf0"
        title="0 contributions on Jul 12, 2017"
      />
      <li
        className="sc-htpNat jKinon"
        color="#ebedf0"
        title="0 contributions on Jul 13, 2017"
      />
      <li
        className="sc-htpNat jKinon"
        color="#ebedf0"
        title="0 contributions on Jul 14, 2017"
      />
      <li
        className="sc-htpNat jKinon"
        color="#ebedf0"
        title="0 contributions on Jul 15, 2017"
      />
    </ul>
    <ul
      className="sc-bwzfXH ejORAf"
    >
      <li
        className="sc-htpNat jKinon"
        color="#ebedf0"
        title="0 contributions on Jul 16, 2017"
      />
      <li
        className="sc-htpNat jKinon"
        color="#ebedf0"
        title="0 contributions on Jul 17, 2017"
      />
      <li
        className="sc-htpNat jKinon"
        color="#ebedf0"
        title="0 contributions on Jul 18, 2017"
      />
      <li
        className="sc-htpNat jKinon"
        color="#ebedf0"
        title="0 contributions on Jul 19, 2017"
      />
      <li
        className="sc-htpNat jKinon"
        color="#ebedf0"
        title="0 contributions on Jul 20, 2017"
      />
      <li
        className="sc-htpNat jKinon"
        color="#ebedf0"
        title="0 contributions on Jul 21, 2017"
      />
      <li
        className="sc-htpNat jKinon"
        color="#ebedf0"
        title="0 contributions on Jul 22, 2017"
      />
    </ul>
    <ul
      className="sc-bwzfXH ejORAf"
    >
      <li
        className="sc-htpNat jKinon"
        color="#ebedf0"
        title="0 contributions on Jul 23, 2017"
      />
      <li
        className="sc-htpNat jKinon"
        color="#ebedf0"
        title="0 contributions on Jul 24, 2017"
      />
      <li
        className="sc-htpNat jKinon"
        color="#ebedf0"
        title="0 contributions on Jul 25, 2017"
      />
      <li
        className="sc-htpNat jKinon"
        color="#ebedf0"
        title="0 contributions on Jul 26, 2017"
      />
      <li
        className="sc-htpNat jKinon"
        color="#ebedf0"
        title="0 contributions on Jul 27, 2017"
      />
      <li
        className="sc-htpNat jKinon"
        color="#ebedf0"
        title="0 contributions on Jul 28, 2017"
      />
      <li
        className="sc-htpNat jKinon"
        color="#ebedf0"
        title="0 contributions on Jul 29, 2017"
      />
    </ul>
    <ul
      className="sc-bwzfXH ejORAf"
    >
      <li
        className="sc-htpNat jKinon"
        color="#ebedf0"
        title="0 contributions on Jul 30, 2017"
      />
      <li
        className="sc-htpNat jKinon"
        color="#ebedf0"
        title="0 contributions on Jul 31, 2017"
      />
      <li
        className="sc-htpNat jKinon"
        color="#ebedf0"
        title="0 contributions on Aug 01, 2017"
      />
      <li
        className="sc-htpNat jKinon"
        color="#ebedf0"
        title="0 contributions on Aug 02, 2017"
      />
      <li
        className="sc-htpNat jKinon"
        color="#ebedf0"
        title="0 contributions on Aug 03, 2017"
      />
      <li
        className="sc-htpNat jKinon"
        color="#ebedf0"
        title="0 contributions on Aug 04, 2017"
      />
      <li
        className="sc-htpNat jKinon"
        color="#ebedf0"
        title="0 contributions on Aug 05, 2017"
      />
    </ul>
    <ul
      className="sc-bwzfXH ejORAf"
    >
      <li
        className="sc-htpNat jKinon"
        color="#ebedf0"
        title="0 contributions on Aug 06, 2017"
      />
      <li
        className="sc-htpNat jKinon"
        color="#ebedf0"
        title="0 contributions on Aug 07, 2017"
      />
      <li
        className="sc-htpNat jKinon"
        color="#ebedf0"
        title="0 contributions on Aug 08, 2017"
      />
      <li
        className="sc-htpNat jKinon"
        color="#ebedf0"
        title="0 contributions on Aug 09, 2017"
      />
      <li
        className="sc-htpNat jKinon"
        color="#ebedf0"
        title="0 contributions on Aug 10, 2017"
      />
      <li
        className="sc-htpNat jKinon"
        color="#ebedf0"
        title="0 contributions on Aug 11, 2017"
      />
      <li
        className="sc-htpNat jKinon"
        color="#ebedf0"
        title="0 contributions on Aug 12, 2017"
      />
    </ul>
    <ul
      className="sc-bwzfXH ejORAf"
    >
      <li
        className="sc-htpNat jKinon"
        color="#ebedf0"
        title="0 contributions on Aug 13, 2017"
      />
      <li
        className="sc-htpNat jKinon"
        color="#ebedf0"
        title="0 contributions on Aug 14, 2017"
      />
      <li
        className="sc-htpNat jKinon"
        color="#ebedf0"
        title="0 contributions on Aug 15, 2017"
      />
      <li
        className="sc-htpNat jKinon"
        color="#ebedf0"
        title="0 contributions on Aug 16, 2017"
      />
      <li
        className="sc-htpNat jKinon"
        color="#ebedf0"
        title="0 contributions on Aug 17, 2017"
      />
      <li
        className="sc-htpNat jKinon"
        color="#ebedf0"
        title="0 contributions on Aug 18, 2017"
      />
      <li
        className="sc-htpNat jKinon"
        color="#ebedf0"
        title="0 contributions on Aug 19, 2017"
      />
    </ul>
    <ul
      className="sc-bwzfXH ejORAf"
    >
      <li
        className="sc-htpNat jKinon"
        color="#ebedf0"
        title="0 contributions on Aug 20, 2017"
      />
      <li
        className="sc-htpNat jKinon"
        color="#ebedf0"
        title="0 contributions on Aug 21, 2017"
      />
      <li
        className="sc-htpNat jKinon"
        color="#ebedf0"
        title="0 contributions on Aug 22, 2017"
      />
      <li
        className="sc-htpNat jKinon"
        color="#ebedf0"
        title="0 contributions on Aug 23, 2017"
      />
      <li
        className="sc-htpNat jKinon"
        color="#ebedf0"
        title="0 contributions on Aug 24, 2017"
      />
      <li
        className="sc-htpNat jKinon"
        color="#ebedf0"
        title="0 contributions on Aug 25, 2017"
      />
      <li
        className="sc-htpNat jKinon"
        color="#ebedf0"
        title="0 contributions on Aug 26, 2017"
      />
    </ul>
    <ul
      className="sc-bwzfXH ejORAf"
    >
      <li
        className="sc-htpNat jKinon"
        color="#ebedf0"
        title="0 contributions on Aug 27, 2017"
      />
      <li
        className="sc-htpNat jKinon"
        color="#ebedf0"
        title="0 contributions on Aug 28, 2017"
      />
      <li
        className="sc-htpNat jKinon"
        color="#ebedf0"
        title="0 contributions on Aug 29, 2017"
      />
      <li
        className="sc-htpNat jKinon"
        color="#ebedf0"
        title="0 contributions on Aug 30, 2017"
      />
      <li
        className="sc-htpNat jKinon"
        color="#ebedf0"
        title="0 contributions on Aug 31, 2017"
      />
      <li
        className="sc-htpNat jKinon"
        color="#ebedf0"
        title="0 contributions on Sep 01, 2017"
      />
      <li
        className="sc-htpNat jKinon"
        color="#ebedf0"
        title="0 contributions on Sep 02, 2017"
      />
    </ul>
    <ul
      className="sc-bwzfXH ejORAf"
    >
      <li
        className="sc-htpNat jKinon"
        color="#ebedf0"
        title="0 contributions on Sep 03, 2017"
      />
      <li
        className="sc-htpNat jKinon"
        color="#ebedf0"
        title="0 contributions on Sep 04, 2017"
      />
      <li
        className="sc-htpNat jKinon"
        color="#ebedf0"
        title="0 contributions on Sep 05, 2017"
      />
      <li
        className="sc-htpNat jKinon"
        color="#ebedf0"
        title="0 contributions on Sep 06, 2017"
      />
      <li
        className="sc-htpNat jKinon"
        color="#ebedf0"
        title="0 contributions on Sep 07, 2017"
      />
      <li
        className="sc-htpNat jKinon"
        color="#ebedf0"
        title="0 contributions on Sep 08, 2017"
      />
      <li
        className="sc-htpNat jKinon"
        color="#ebedf0"
        title="0 contributions on Sep 09, 2017"
      />
    </ul>
    <ul
      className="sc-bwzfXH ejORAf"
    >
      <li
        className="sc-htpNat jKinon"
        color="#ebedf0"
        title="0 contributions on Sep 10, 2017"
      />
      <li
        className="sc-htpNat jKinon"
        color="#ebedf0"
        title="0 contributions on Sep 11, 2017"
      />
      <li
        className="sc-htpNat jKinon"
        color="#ebedf0"
        title="0 contributions on Sep 12, 2017"
      />
      <li
        className="sc-htpNat jKinon"
        color="#ebedf0"
        title="0 contributions on Sep 13, 2017"
      />
      <li
        className="sc-htpNat jKinon"
        color="#ebedf0"
        title="0 contributions on Sep 14, 2017"
      />
      <li
        className="sc-htpNat jKinon"
        color="#ebedf0"
        title="0 contributions on Sep 15, 2017"
      />
      <li
        className="sc-htpNat jKinon"
        color="#ebedf0"
        title="0 contributions on Sep 16, 2017"
      />
    </ul>
    <ul
      className="sc-bwzfXH ejORAf"
    >
      <li
        className="sc-htpNat jKinon"
        color="#ebedf0"
        title="0 contributions on Sep 17, 2017"
      />
      <li
        className="sc-htpNat jKinon"
        color="#ebedf0"
        title="0 contributions on Sep 18, 2017"
      />
      <li
        className="sc-htpNat jKinon"
        color="#ebedf0"
        title="0 contributions on Sep 19, 2017"
      />
      <li
        className="sc-htpNat jKinon"
        color="#ebedf0"
        title="0 contributions on Sep 20, 2017"
      />
      <li
        className="sc-htpNat jKinon"
        color="#ebedf0"
        title="0 contributions on Sep 21, 2017"
      />
      <li
        className="sc-htpNat jKinon"
        color="#ebedf0"
        title="0 contributions on Sep 22, 2017"
      />
      <li
        className="sc-htpNat jKinon"
        color="#ebedf0"
        title="0 contributions on Sep 23, 2017"
      />
    </ul>
    <ul
      className="sc-bwzfXH ejORAf"
    >
      <li
        className="sc-htpNat jKinon"
        color="#ebedf0"
        title="0 contributions on Sep 24, 2017"
      />
      <li
        className="sc-htpNat jKinon"
        color="#ebedf0"
        title="0 contributions on Sep 25, 2017"
      />
      <li
        className="sc-htpNat jKinon"
        color="#ebedf0"
        title="0 contributions on Sep 26, 2017"
      />
      <li
        className="sc-htpNat jKinon"
        color="#ebedf0"
        title="0 contributions on Sep 27, 2017"
      />
      <li
        className="sc-htpNat jKinon"
        color="#ebedf0"
        title="0 contributions on Sep 28, 2017"
      />
      <li
        className="sc-htpNat jKinon"
        color="#ebedf0"
        title="0 contributions on Sep 29, 2017"
      />
      <li
        className="sc-htpNat jKinon"
        color="#ebedf0"
        title="0 contributions on Sep 30, 2017"
      />
    </ul>
  </div>
  <ul
    className="sc-bZQynM hxFrrJ"
  >
    <div
      className="sc-htoDjs fsVPRL"
    >
      Less
    </div>
    <li
      className="sc-gzVnrw cIhLKa"
      color="#ebedf0"
    />
    <li
      className="sc-gzVnrw fpUSqa"
      color="#c6e48b"
    />
    <li
      className="sc-gzVnrw iakljv"
      color="#7bc96f"
    />
    <li
      className="sc-gzVnrw iUshsG"
      color="#239a3b"
    />
    <li
      className="sc-gzVnrw jMvVJJ"
      color="#196127"
    />
    <div
      className="sc-htoDjs fsVPRL"
    >
      More
    </div>
  </ul>
</div>
`;
